
 ===================================================
  XFOIL Version 6.99
  Copyright (C) 2000   Mark Drela, Harold Youngren

  This software comes with ABSOLUTELY NO WARRANTY,
    subject to the GNU General Public License.

  Caveat computor
 ===================================================

 File  xfoil.def  not found

   QUIT    Exit program

  .OPER    Direct operating point(s)
  .MDES    Complex mapping design routine
  .QDES    Surface speed design routine
  .GDES    Geometry design routine

   SAVE f  Write airfoil to labeled coordinate file
   PSAV f  Write airfoil to plain coordinate file
   ISAV f  Write airfoil to ISES coordinate file
   MSAV f  Write airfoil to MSES coordinate file
   REVE    Reverse written-airfoil node ordering
   DELI i  Change written-airfoil file delimiters

   LOAD f  Read buffer airfoil from coordinate file
   NACA i  Set NACA 4,5-digit airfoil and buffer airfoil
   INTE    Set buffer airfoil by interpolating two airfoils
   NORM    Buffer airfoil normalization toggle
   HALF    Halve the number of points in buffer airfoil
   XYCM rr Change CM reference location, currently  0.25000 0.00000

   BEND    Display structural properties of current airfoil

   PCOP    Set current-airfoil panel nodes directly from buffer airfoil points
   PANE    Set current-airfoil panel nodes ( 160 ) based on curvature
  .PPAR    Show/change paneling

  .PLOP    Plotting options

   WDEF f  Write  current-settings file
   RDEF f  Reread current-settings file
   NAME s  Specify new airfoil name
   NINC    Increment name version number

   Z       Zoom    | (available in all menus)
   U       Unzoom  | 

 XFOIL   c>  
 Labeled airfoil file.  Name:  MORPHED_PROFILE                                 

 Number of input coordinate points: 160
 Counterclockwise ordering
 Max thickness =     0.120280  at x =   0.296
 Max camber    =     0.053989  at x =   0.534

  LE  x,y  =   0.00001   0.00050  |   Chord =   1.00048
  TE  x,y  =   1.00000  -0.03062  |

 Current airfoil nodes set from buffer airfoil nodes ( 160 )

 XFOIL   c>  
 Blunt trailing edge.  Gap =  0.00252

 Paneling parameters used...
   Number of panel nodes       160
   Panel bunching parameter    1.000
   TE/LE panel density ratio   0.150
   Refined-area/LE panel density ratio    0.200
   Top    side refined area x/c limits  1.000 1.000
   Bottom side refined area x/c limits  1.000 1.000

 XFOIL   c>  
.OPERi   c>  
 M  =    0.0000
 Re =  0.1600E+06

.OPERv   c>  
 Sonic Cp =   -549.58      Sonic Q/Qinf =    26.085


.OPERv   c>  
.OPERv   c>  
 Polar  1 newly created for accumulation
 Airfoil archived with polar: MORPHED_PROFILE                                 

Enter  polar save filename  OR  <return> for no file   s>  
 New polar save file available

Enter  polar dump filename  OR  <return> for no file   s>  
 Polar dump file will NOT be written

 Polar accumulation enabled

.OPERva   c>   Calculating unit vorticity distributions ...
 Calculating wake trajectory ...
 Calculating source influence matrix ...

 Solving BL system ...

 Initializing BL ...
    side            1  ...
 MRCHUE: Convergence failed at  64  side 1    Res =  0.1875E+01
 MRCHUE: Inverse mode at  66     Hk =   3.800
 MRCHUE: Inverse mode at  67     Hk =   4.157
 MRCHUE: Inverse mode at  68     Hk =   4.516
 MRCHUE: Inverse mode at  69     Hk =   4.875
 MRCHUE: Inverse mode at  70     Hk =   5.231
 MRCHUE: Convergence failed at  71  side 1    Res =  0.1554E+01
 MRCHUE: Inverse mode at  72     Hk =   5.580
 MRCHUE: Inverse mode at  73     Hk =   5.924
 MRCHUE: Inverse mode at  74     Hk =   6.266
 MRCHUE: Inverse mode at  75     Hk =   6.603
 MRCHUE: Inverse mode at  76     Hk =   6.937
 MRCHUE: Inverse mode at  77     Hk =   7.268
 MRCHUE: Inverse mode at  78     Hk =   7.596
 MRCHUE: Inverse mode at  79     Hk =   6.929
 MRCHUE: Inverse mode at  80     Hk =   5.559
 MRCHUE: Inverse mode at  81     Hk =   4.534
 MRCHUE: Inverse mode at  82     Hk =   3.738
 MRCHUE: Inverse mode at  83     Hk =   3.115
 MRCHUE: Inverse mode at  84     Hk =   2.620
 MRCHUE: Inverse mode at  85     Hk =   2.500
 MRCHUE: Convergence failed at  86  side 1    Res =  0.8542E+01
    side            2  ...
 MRCHUE: Inverse mode at  48     Hk =   3.800
 MRCHUE: Inverse mode at  49     Hk =   4.130
 MRCHUE: Inverse mode at  50     Hk =   4.445
 MRCHUE: Inverse mode at  51     Hk =   4.740
 MRCHUE: Inverse mode at  52     Hk =   5.010
 MRCHUE: Inverse mode at  53     Hk =   5.251
 MRCHUE: Convergence failed at  53  side 2    Res =  0.4356E+00
 MRCHUE: Convergence failed at  54  side 2    Res =  0.1214E+01
 MRCHUE: Inverse mode at  55     Hk =   5.231
 MRCHUE: Inverse mode at  75     Hk =   3.800
 MRCHUE: Inverse mode at  76     Hk =   3.936

 MRCHDU: Convergence failed at  83  side 1    Res =  0.1529E+01
 MRCHDU: Convergence failed at  84  side 1    Res =  0.3247E+01
 MRCHDU: Convergence failed at  85  side 1    Res =  0.2930E+01
 MRCHDU: Convergence failed at  86  side 1    Res =  0.3359E+02
 Side 1  free  transition at x/c =  0.8988   79
 Side 2 forced transition at x/c =  1.0000   76

   1   rms: 0.5816E+00   max: -.3005E+01   C at   76  2   RLX: 0.166
       a =  0.000      CL =  0.9877
      Cm = -0.2225     CD =  0.00535   =>   CDf =  0.00643    CDp = -0.00108

 Side 1  free  transition at x/c =  0.8843   78
 Side 2 forced transition at x/c =  1.0000   76

   2   rms: 0.3781E+00   max: -.1870E+01   C at   76  2   RLX: 0.267
       a =  0.000      CL =  0.9579
      Cm = -0.2089     CD =  0.00751   =>   CDf =  0.00649    CDp =  0.00101

 Side 1  free  transition at x/c =  0.8670   77
 Side 2 forced transition at x/c =  1.0000   76

   3   rms: 0.3065E+00   max: -.1747E+01   C at   76  2   RLX: 0.286
       a =  0.000      CL =  0.9168
      Cm = -0.1946     CD =  0.01034   =>   CDf =  0.00639    CDp =  0.00394

 Side 1  free  transition at x/c =  0.8489   76
 Side 2 forced transition at x/c =  1.0000   76

   4   rms: 0.2238E+00   max: 0.1467E+01   T at   76  1   RLX: 0.410
       a =  0.000      CL =  0.8581
      Cm = -0.1764     CD =  0.01408   =>   CDf =  0.00631    CDp =  0.00777

 Side 1  free  transition at x/c =  0.8262   75
 Side 2 forced transition at x/c =  1.0000   76

   5   rms: 0.9260E-01   max: 0.7222E+00   T at   75  1
       a =  0.000      CL =  0.8003
      Cm = -0.1520     CD =  0.01869   =>   CDf =  0.00637    CDp =  0.01232

 Side 1  free  transition at x/c =  0.8076   72
 Side 2 forced transition at x/c =  1.0000   77

   6   rms: 0.1301E+00   max: -.7823E+00   T at   72  1   RLX: 0.639
       a =  0.000      CL =  0.8649
      Cm = -0.1645     CD =  0.01696   =>   CDf =  0.00610    CDp =  0.01086

 Side 1  free  transition at x/c =  0.8277   75
 Side 2 forced transition at x/c =  1.0000   76

   7   rms: 0.9289E-01   max: 0.6643E+00   D at   75  1
       a =  0.000      CL =  0.8613
      Cm = -0.1633     CD =  0.01674   =>   CDf =  0.00628    CDp =  0.01046

 MRCHDU: Convergence failed at  86  side 1    Res =  0.1147E+01
 Side 1  free  transition at x/c =  0.8185   74
 Side 2 forced transition at x/c =  1.0000   76

   8   rms: 0.3026E+00   max: -.1983E+01   C at   76  2   RLX: 0.252
       a =  0.000      CL =  0.8182
      Cm = -0.1601     CD =  0.01665   =>   CDf =  0.00635    CDp =  0.01030

 Side 1  free  transition at x/c =  0.8028   72
 Side 2 forced transition at x/c =  1.0000   77

   9   rms: 0.1157E+01   max: 0.8559E+01   T at   72  1   RLX: 0.076
       a =  0.000      CL =  0.7482
      Cm = -0.1468     CD =  0.02065   =>   CDf =  0.00619    CDp =  0.01446

 Side 1  free  transition at x/c =  0.7803   71
 Side 2 forced transition at x/c =  1.0000   77

  10   rms: 0.8717E-01   max: -.4431E+00   T at   71  1
       a =  0.000      CL =  0.7832
      Cm = -0.1492     CD =  0.01938   =>   CDf =  0.00612    CDp =  0.01327

 Side 1  free  transition at x/c =  0.7977   72
 Side 2 forced transition at x/c =  1.0000   77

  11   rms: 0.2064E-01   max: 0.9999E-01   D at   80  2
       a =  0.000      CL =  0.7849
      Cm = -0.1500     CD =  0.01927   =>   CDf =  0.00621    CDp =  0.01306

 Side 1  free  transition at x/c =  0.7949   72
 Side 2 forced transition at x/c =  1.0000   77

  12   rms: 0.2519E-02   max: -.1180E-01   D at   74  1
       a =  0.000      CL =  0.7853
      Cm = -0.1500     CD =  0.01923   =>   CDf =  0.00619    CDp =  0.01304

 Side 1  free  transition at x/c =  0.7952   72
 Side 2 forced transition at x/c =  1.0000   77

  13   rms: 0.4916E-04   max: 0.1899E-03   D at   55  2
       a =  0.000      CL =  0.7853
      Cm = -0.1500     CD =  0.01923   =>   CDf =  0.00619    CDp =  0.01304
      9.000   11.0581   0.019230   0.004518   0.010622   0.006104    0.7952     #

 Point added to stored polar  1
 Point written to save file  polar_output.txt                                
 Dump file unspecified or not available
 Calculating wake trajectory ...
 Calculating source influence matrix ...

 Solving BL system ...

 Side 1  free  transition at x/c =  0.7952   72
 Side 2 forced transition at x/c =  1.0000   77

   1   rms: 0.1059E+00   max: -.1329E+00   D at   82  2
       a =  0.500      CL =  0.8673
      Cm = -0.1531     CD =  0.01785   =>   CDf =  0.00608    CDp =  0.01177

 Side 1  free  transition at x/c =  0.7903   72
 Side 2 forced transition at x/c =  1.0000   76

   2   rms: 0.1040E+00   max: -.6800E+00   T at   72  1   RLX: 0.735
       a =  0.500      CL =  0.9190
      Cm = -0.1618     CD =  0.01608   =>   CDf =  0.00631    CDp =  0.00977

 MRCHDU: Convergence failed at  75  side 1    Res =  0.1153E+01
 MRCHDU: Convergence failed at  76  side 1    Res =  0.3468E+01
 MRCHDU: Convergence failed at  77  side 1    Res =  0.7931E+01
 MRCHDU: Convergence failed at  78  side 1    Res =  0.3401E+01
 MRCHDU: Convergence failed at  79  side 1    Res =  0.3347E+01
 MRCHDU: Convergence failed at  80  side 1    Res =  0.4040E+01
 MRCHDU: Convergence failed at  81  side 1    Res =  0.3465E+01
 MRCHDU: Convergence failed at  82  side 1    Res =  0.4029E+01
 MRCHDU: Convergence failed at  83  side 1    Res =  0.4280E+01
 MRCHDU: Convergence failed at  84  side 1    Res =  0.1249E+02
 MRCHDU: Convergence failed at  85  side 1    Res =  0.1959E+02
 MRCHDU: Convergence failed at  86  side 1    Res =  0.4156E+02
 Side 1  free  transition at x/c =  0.8138   74
 Side 2 forced transition at x/c =  1.0000   76

   3   rms: 0.4945E+00   max: -.2477E+01   C at   76  2   RLX: 0.202
       a =  0.500      CL =  0.9581
      Cm = -0.2045     CD =  0.00680   =>   CDf =  0.00622    CDp =  0.00058

 Side 1  free  transition at x/c =  0.8055   73
 Side 2 forced transition at x/c =  1.0000   76

   4   rms: 0.2300E+00   max: 0.8415E+00   C at   76  2
       a =  0.500      CL =  0.9885
      Cm = -0.1761     CD =  0.01078   =>   CDf =  0.00729    CDp =  0.00349

 MRCHDU: Convergence failed at  77  side 1    Res =  0.2226E+01
 MRCHDU: Convergence failed at  78  side 1    Res =  0.2176E+01
 MRCHDU: Convergence failed at  79  side 1    Res =  0.2848E+01
 MRCHDU: Convergence failed at  80  side 1    Res =  0.7817E+01
 MRCHDU: Convergence failed at  81  side 1    Res =  0.6592E+02
 MRCHDU: Convergence failed at  82  side 1    Res =  0.1181E+02
 MRCHDU: Convergence failed at  83  side 1    Res =  0.1000E+02
 MRCHDU: Convergence failed at  84  side 1    Res =  0.1228E+02
 MRCHDU: Convergence failed at  85  side 1    Res =  0.2390E+02
 MRCHDU: Convergence failed at  86  side 1    Res =  0.1161E+03
 MRCHDU: Convergence failed at  87  side 1    Res =  0.1784E+02
 Side 1  free  transition at x/c =  0.8210   75
 Side 2 forced transition at x/c =  1.0000   75

   5   rms: 0.4615E+00   max: -.2539E+01   C at   75  2   RLX: 0.197
       a =  0.500      CL =  1.0053
      Cm = -0.2098     CD =  0.00646   =>   CDf =  0.00620    CDp =  0.00025

 Side 1  free  transition at x/c =  0.8115   75
 Side 2 forced transition at x/c =  1.0000   75

   6   rms: 0.2288E+00   max: 0.6667E+00   D at   77  2
       a =  0.500      CL =  0.9896
      Cm = -0.1775     CD =  0.01102   =>   CDf =  0.00708    CDp =  0.00394

 MRCHDU: Convergence failed at  86  side 1    Res =  0.1785E+01
 MRCHDU: Convergence failed at  87  side 1    Res =  0.2826E+01
 Side 1  free  transition at x/c =  0.8097   75
 Side 2 forced transition at x/c =  1.0000   75

   7   rms: 0.1128E+00   max: -.4602E+00   C at   75  2
       a =  0.500      CL =  0.8962
      Cm = -0.1579     CD =  0.01631   =>   CDf =  0.00639    CDp =  0.00992

 Side 1  free  transition at x/c =  0.8014   73
 Side 2 forced transition at x/c =  1.0000   76

   8   rms: 0.2084E+00   max: 0.1273E+01   T at   73  1   RLX: 0.413
       a =  0.500      CL =  0.8432
      Cm = -0.1518     CD =  0.01826   =>   CDf =  0.00630    CDp =  0.01196

 Side 1  free  transition at x/c =  0.7806   72
 Side 2 forced transition at x/c =  1.0000   76

   9   rms: 0.3053E-01   max: -.2734E+00   D at   72  1
       a =  0.500      CL =  0.8494
      Cm = -0.1502     CD =  0.01850   =>   CDf =  0.00627    CDp =  0.01223

 Side 1  free  transition at x/c =  0.7820   72
 Side 2 forced transition at x/c =  1.0000   76

  10   rms: 0.5991E-02   max: 0.3269E-01   T at   72  1
       a =  0.500      CL =  0.8469
      Cm = -0.1499     CD =  0.01861   =>   CDf =  0.00628    CDp =  0.01233

 Side 1  free  transition at x/c =  0.7807   72
 Side 2 forced transition at x/c =  1.0000   76

  11   rms: 0.4988E-03   max: -.2390E-02   T at   72  1
       a =  0.500      CL =  0.8471
      Cm = -0.1499     CD =  0.01859   =>   CDf =  0.00627    CDp =  0.01232

 Side 1  free  transition at x/c =  0.7808   72
 Side 2 forced transition at x/c =  1.0000   76

  12   rms: 0.6262E-05   max: 0.2455E-04   D at   54  2
       a =  0.500      CL =  0.8471
      Cm = -0.1499     CD =  0.01859   =>   CDf =  0.00627    CDp =  0.01232
      9.000    9.9698   0.018594   0.004631   0.009888   0.005257    0.7808     #

 Point added to stored polar  1
 Point written to save file  polar_output.txt                                
 Dump file unspecified or not available
 Calculating wake trajectory ...
 Calculating source influence matrix ...

 Solving BL system ...

 Side 1  free  transition at x/c =  0.7808   72
 Side 2 forced transition at x/c =  1.0000   76

   1   rms: 0.1014E+00   max: -.1192E+00   D at   81  2
       a =  1.000      CL =  0.9244
      Cm = -0.1521     CD =  0.01727   =>   CDf =  0.00614    CDp =  0.01113

 Side 1  free  transition at x/c =  0.7732   72
 Side 2 forced transition at x/c =  1.0000   75

   2   rms: 0.2205E+00   max: -.1369E+01   T at   72  1   RLX: 0.365
       a =  1.000      CL =  0.9778
      Cm = -0.1613     CD =  0.01563   =>   CDf =  0.00636    CDp =  0.00928

 MRCHDU: Convergence failed at  74  side 1    Res =  0.2585E+01
 MRCHDU: Convergence failed at  75  side 1    Res =  0.4027E+01
 MRCHDU: Convergence failed at  76  side 1    Res =  0.4237E+02
 MRCHDU: Convergence failed at  77  side 1    Res =  0.1596E+02
 MRCHDU: Convergence failed at  78  side 1    Res =  0.9574E+01
 MRCHDU: Convergence failed at  79  side 1    Res =  0.7829E+01
 MRCHDU: Convergence failed at  80  side 1    Res =  0.7327E+01
 MRCHDU: Convergence failed at  81  side 1    Res =  0.7229E+01
 MRCHDU: Convergence failed at  82  side 1    Res =  0.7821E+01
 MRCHDU: Convergence failed at  83  side 1    Res =  0.8695E+01
 MRCHDU: Convergence failed at  84  side 1    Res =  0.9475E+01
 MRCHDU: Convergence failed at  85  side 1    Res =  0.1112E+02
 MRCHDU: Convergence failed at  86  side 1    Res =  0.1266E+02
 MRCHDU: Convergence failed at  87  side 1    Res =  0.1142E+02
 Side 1  free  transition at x/c =  0.7996   74
 Side 2 forced transition at x/c =  1.0000   75

   3   rms: 0.6122E+00   max: 0.3304E+01   D at   77  2   RLX: 0.220
       a =  1.000      CL =  1.0338
      Cm = -0.2173     CD =  0.00612   =>   CDf =  0.00617    CDp = -0.00004

 Side 1  free  transition at x/c =  0.7824   73
 Side 2 forced transition at x/c =  1.0000   75

   4   rms: 0.1928E+00   max: 0.8905E+00   C at   75  2   RLX: 0.718
       a =  1.000      CL =  1.0596
      Cm = -0.1893     CD =  0.01399   =>   CDf =  0.00690    CDp =  0.00708

 Side 1  free  transition at x/c =  0.7858   73
 Side 2 forced transition at x/c =  1.0000   75

   5   rms: 0.1295E+00   max: 0.8816E+00   D at   84  1   RLX: 0.934
       a =  1.000      CL =  0.9299
      Cm = -0.1542     CD =  0.01705   =>   CDf =  0.00639    CDp =  0.01065

 Side 1  free  transition at x/c =  0.7704   72
 Side 2 forced transition at x/c =  1.0000   75

   6   rms: 0.6258E-01   max: 0.4529E+00   T at   72  1
       a =  1.000      CL =  0.8723
      Cm = -0.1437     CD =  0.01901   =>   CDf =  0.00647    CDp =  0.01254

 Side 1  free  transition at x/c =  0.7515   70
 Side 2 forced transition at x/c =  1.0000   76

   7   rms: 0.1501E+00   max: -.1050E+01   T at   70  1   RLX: 0.476
       a =  1.000      CL =  0.9140
      Cm = -0.1486     CD =  0.01823   =>   CDf =  0.00616    CDp =  0.01208

 Side 1  free  transition at x/c =  0.7770   73
 Side 2 forced transition at x/c =  1.0000   75

   8   rms: 0.2238E-01   max: 0.2001E+00   D at   73  1
       a =  1.000      CL =  0.9308
      Cm = -0.1532     CD =  0.01716   =>   CDf =  0.00638    CDp =  0.01079

 Side 1  free  transition at x/c =  0.7748   72
 Side 2 forced transition at x/c =  1.0000   75

   9   rms: 0.8646E-01   max: -.5217E+00   T at   72  1   RLX: 0.958
       a =  1.000      CL =  0.9834
      Cm = -0.1620     CD =  0.01542   =>   CDf =  0.00637    CDp =  0.00905

 MRCHDU: Convergence failed at  74  side 1    Res =  0.1542E+02
 MRCHDU: Convergence failed at  75  side 1    Res =  0.5097E+01
 MRCHDU: Convergence failed at  76  side 1    Res =  0.1414E+03
 MRCHDU: Convergence failed at  77  side 1    Res =  0.1031E+02
 MRCHDU: Convergence failed at  78  side 1    Res =  0.6994E+01
 MRCHDU: Convergence failed at  79  side 1    Res =  0.8264E+01
 MRCHDU: Convergence failed at  80  side 1    Res =  0.1108E+02
 MRCHDU: Convergence failed at  81  side 1    Res =  0.1452E+02
 MRCHDU: Convergence failed at  82  side 1    Res =  0.1570E+02
 MRCHDU: Convergence failed at  83  side 1    Res =  0.1518E+02
 MRCHDU: Convergence failed at  84  side 1    Res =  0.1393E+02
 MRCHDU: Convergence failed at  85  side 1    Res =  0.1188E+02
 MRCHDU: Convergence failed at  86  side 1    Res =  0.8136E+01
 MRCHDU: Convergence failed at  87  side 1    Res =  0.1186E+02
 Side 1  free  transition at x/c =  0.8011   74
 Side 2 forced transition at x/c =  1.0000   75

  10   rms: 0.6073E+00   max: 0.3244E+01   D at   77  2   RLX: 0.219
       a =  1.000      CL =  1.0395
      Cm = -0.2185     CD =  0.00606   =>   CDf =  0.00616    CDp = -0.00010

 Side 1  free  transition at x/c =  0.7837   73
 Side 2 forced transition at x/c =  1.0000   75

  11   rms: 0.1937E+00   max: 0.8922E+00   C at   75  2   RLX: 0.721
       a =  1.000      CL =  1.0646
      Cm = -0.1904     CD =  0.01393   =>   CDf =  0.00691    CDp =  0.00703

 Side 1  free  transition at x/c =  0.7863   73
 Side 2 forced transition at x/c =  1.0000   75

  12   rms: 0.1379E+00   max: 0.9224E+00   D at   84  1   RLX: 0.832
       a =  1.000      CL =  0.9411
      Cm = -0.1574     CD =  0.01677   =>   CDf =  0.00639    CDp =  0.01038

 Side 1  free  transition at x/c =  0.7713   72
 Side 2 forced transition at x/c =  1.0000   75

  13   rms: 0.1524E+00   max: 0.1047E+01   T at   72  1   RLX: 0.576
       a =  1.000      CL =  0.8657
      Cm = -0.1435     CD =  0.01955   =>   CDf =  0.00647    CDp =  0.01308

 Side 1  free  transition at x/c =  0.7471   70
 Side 2 forced transition at x/c =  1.0000   76

  14   rms: 0.1478E+00   max: -.7787E+00   T at   70  1   RLX: 0.642
       a =  1.000      CL =  0.9219
      Cm = -0.1514     CD =  0.01896   =>   CDf =  0.00609    CDp =  0.01287

 Side 1  free  transition at x/c =  0.7711   72
 Side 2 forced transition at x/c =  1.0000   75

  15   rms: 0.2723E-01   max: -.1919E+00   C at   75  2
       a =  1.000      CL =  0.9056
      Cm = -0.1492     CD =  0.01802   =>   CDf =  0.00630    CDp =  0.01172

 Side 1  free  transition at x/c =  0.7633   72
 Side 2 forced transition at x/c =  1.0000   75

  16   rms: 0.1075E-01   max: -.6213E-01   D at   75  1
       a =  1.000      CL =  0.9100
      Cm = -0.1499     CD =  0.01785   =>   CDf =  0.00633    CDp =  0.01152

 Side 1  free  transition at x/c =  0.7655   72
 Side 2 forced transition at x/c =  1.0000   75

  17   rms: 0.1183E-02   max: -.6366E-02   D at   74  1
       a =  1.000      CL =  0.9105
      Cm = -0.1500     CD =  0.01784   =>   CDf =  0.00633    CDp =  0.01151

 Side 1  free  transition at x/c =  0.7658   72
 Side 2 forced transition at x/c =  1.0000   75

  18   rms: 0.1922E-04   max: -.9145E-04   T at   72  1
       a =  1.000      CL =  0.9105
      Cm = -0.1500     CD =  0.01784   =>   CDf =  0.00633    CDp =  0.01151
      9.000    8.8703   0.017840   0.004751   0.009093   0.004342    0.7658     #

 Point added to stored polar  1
 Point written to save file  polar_output.txt                                
 Dump file unspecified or not available
 Calculating wake trajectory ...
 Calculating source influence matrix ...

 Solving BL system ...

 Side 1  free  transition at x/c =  0.7658   72
 Side 2 forced transition at x/c =  1.0000   75

   1   rms: 0.9662E-01   max: -.9624E-01   D at   80  2
       a =  1.500      CL =  0.9819
      Cm = -0.1513     CD =  0.01669   =>   CDf =  0.00634    CDp =  0.01035

 Side 1  free  transition at x/c =  0.7542   71
 Side 2 forced transition at x/c =  1.0000   75

   2   rms: 0.5929E-01   max: 0.3886E+00   T at   71  1
       a =  1.500      CL =  0.9394
      Cm = -0.1443     CD =  0.01821   =>   CDf =  0.00639    CDp =  0.01182

 Side 1  free  transition at x/c =  0.7355   70
 Side 2 forced transition at x/c =  1.0000   75

   3   rms: 0.9247E-01   max: -.6545E+00   T at   70  1   RLX: 0.764
       a =  1.500      CL =  0.9872
      Cm = -0.1512     CD =  0.01646   =>   CDf =  0.00642    CDp =  0.01005

 Side 1  free  transition at x/c =  0.7658   72
 Side 2 forced transition at x/c =  1.0000   75

   4   rms: 0.5078E-01   max: 0.4114E+00   D at   72  1
       a =  1.500      CL =  1.0024
      Cm = -0.1547     CD =  0.01584   =>   CDf =  0.00618    CDp =  0.00966

 Side 1  free  transition at x/c =  0.7607   73
 Side 2 forced transition at x/c =  1.0000   74

   5   rms: 0.2622E-01   max: -.1877E+00   D at   86  1
       a =  1.500      CL =  0.9957
      Cm = -0.1537     CD =  0.01644   =>   CDf =  0.00651    CDp =  0.00993

 Side 1  free  transition at x/c =  0.7576   71
 Side 2 forced transition at x/c =  1.0000   75

   6   rms: 0.9606E+00   max: 0.9097E+01   T at    2  2   RLX: 0.116
       a =  1.500      CL =  1.0595
      Cm = -0.1651     CD =  0.01445   =>   CDf =  0.00622    CDp =  0.00822

 MRCHDU: Convergence failed at  75  side 1    Res =  0.1159E+02
 MRCHDU: Convergence failed at  76  side 1    Res =  0.6176E+01
 MRCHDU: Convergence failed at  77  side 1    Res =  0.9387E+01
 MRCHDU: Convergence failed at  78  side 1    Res =  0.4217E+02
 MRCHDU: Convergence failed at  79  side 1    Res =  0.6798E+03
 MRCHDU: Convergence failed at  80  side 1    Res =  0.4030E+03
 MRCHDU: Convergence failed at  81  side 1    Res =  0.8087E+02
 MRCHDU: Convergence failed at  82  side 1    Res =  0.3968E+02
 MRCHDU: Convergence failed at  83  side 1    Res =  0.2652E+02
 MRCHDU: Convergence failed at  84  side 1    Res =  0.1968E+02
 MRCHDU: Convergence failed at  85  side 1    Res =  0.2008E+02
 MRCHDU: Convergence failed at  86  side 1    Res =  0.2088E+02
 MRCHDU: Convergence failed at  87  side 1    Res =  0.2852E+02
 MRCHDU: Convergence failed at  88  side 1    Res =  0.1773E+02
 Side 1  free  transition at x/c =  0.7895   74
 Side 2 forced transition at x/c =  1.0000   74

   7   rms: 0.6433E+00   max: -.4044E+01   C at   74  2   RLX: 0.124
       a =  1.500      CL =  1.1506
      Cm = -0.2381     CD =  0.00545   =>   CDf =  0.00609    CDp = -0.00064

 MRCHDU: Convergence failed at  81  side 1    Res =  0.3220E-01
 Side 1  free  transition at x/c =  0.7682   73
 Side 2 forced transition at x/c =  1.0000   74

   8   rms: 0.1879E+00   max: 0.1358E+01   D at   81  1   RLX: 0.667
       a =  1.500      CL =  1.0947
      Cm = -0.1840     CD =  0.01388   =>   CDf =  0.00657    CDp =  0.00731

 Side 1  free  transition at x/c =  0.7681   73
 Side 2 forced transition at x/c =  1.0000   74

   9   rms: 0.1225E+00   max: 0.8337E+00   D at   82  1
       a =  1.500      CL =  0.9585
      Cm = -0.1463     CD =  0.01685   =>   CDf =  0.00646    CDp =  0.01039

 Side 1  free  transition at x/c =  0.7528   71
 Side 2 forced transition at x/c =  1.0000   75

  10   rms: 0.2335E-01   max: 0.2280E+00   T at   71  1
       a =  1.500      CL =  0.9548
      Cm = -0.1469     CD =  0.01768   =>   CDf =  0.00636    CDp =  0.01132

 Side 1  free  transition at x/c =  0.7412   70
 Side 2 forced transition at x/c =  1.0000   75

  11   rms: 0.2154E+01   max: 0.1502E+02   T at   70  1   RLX: 0.044
       a =  1.500      CL =  0.9029
      Cm = -0.1380     CD =  0.01996   =>   CDf =  0.00643    CDp =  0.01353

 Side 1  free  transition at x/c =  0.7129   69
 Side 2 forced transition at x/c =  1.0000   75

  12   rms: 0.1148E+00   max: -.7609E+00   T at   69  1   RLX: 0.657
       a =  1.500      CL =  0.9429
      Cm = -0.1432     CD =  0.01916   =>   CDf =  0.00630    CDp =  0.01286

 Side 1  free  transition at x/c =  0.7389   70
 Side 2 forced transition at x/c =  1.0000   75

  13   rms: 0.9459E-01   max: -.6168E+00   T at   70  1   RLX: 0.811
       a =  1.500      CL =  0.9977
      Cm = -0.1530     CD =  0.01604   =>   CDf =  0.00638    CDp =  0.00966

 MRCHDU: Convergence failed at  73  side 1    Res =  0.3585E+01
 MRCHDU: Convergence failed at  74  side 1    Res =  0.2763E+01
 MRCHDU: Convergence failed at  75  side 1    Res =  0.2092E+02
 MRCHDU: Convergence failed at  76  side 1    Res =  0.9301E+01
 MRCHDU: Convergence failed at  77  side 1    Res =  0.6259E+01
 MRCHDU: Convergence failed at  78  side 1    Res =  0.6084E+01
 MRCHDU: Convergence failed at  79  side 1    Res =  0.6864E+01
 MRCHDU: Convergence failed at  80  side 1    Res =  0.8216E+01
 MRCHDU: Convergence failed at  81  side 1    Res =  0.1048E+02
 MRCHDU: Convergence failed at  82  side 1    Res =  0.1446E+02
 MRCHDU: Convergence failed at  83  side 1    Res =  0.2484E+02
 MRCHDU: Convergence failed at  84  side 1    Res =  0.8102E+02
 MRCHDU: Convergence failed at  85  side 1    Res =  0.8687E+02
 MRCHDU: Convergence failed at  86  side 1    Res =  0.3028E+02
 MRCHDU: Convergence failed at  87  side 1    Res =  0.1907E+02
 Side 1  free  transition at x/c =  0.7730   72
 Side 2 forced transition at x/c =  1.0000   75

  14   rms: 0.4758E+00   max: 0.2234E+01   D at   77  2   RLX: 0.324
       a =  1.500      CL =  1.0549
      Cm = -0.2049     CD =  0.00691   =>   CDf =  0.00615    CDp =  0.00076

 Side 1  free  transition at x/c =  0.7629   72
 Side 2 forced transition at x/c =  1.0000   75

  15   rms: 0.2314E+00   max: 0.1047E+01   C at   75  2
       a =  1.500      CL =  1.0915
      Cm = -0.1729     CD =  0.01085   =>   CDf =  0.00744    CDp =  0.00340

 MRCHDU: Convergence failed at  87  side 1    Res =  0.4671E+01
 MRCHDU: Convergence failed at  88  side 1    Res =  0.1018E+02
 Side 1  free  transition at x/c =  0.7709   73
 Side 2 forced transition at x/c =  1.0000   74

  16   rms: 0.2738E+00   max: -.1970E+01   C at   74  2   RLX: 0.254
       a =  1.500      CL =  1.0391
      Cm = -0.1665     CD =  0.01432   =>   CDf =  0.00622    CDp =  0.00810

 Side 1  free  transition at x/c =  0.7543   72
 Side 2 forced transition at x/c =  1.0000   74

  17   rms: 0.7285E-01   max: -.3699E+00   C at   74  2
       a =  1.500      CL =  0.9731
      Cm = -0.1507     CD =  0.01712   =>   CDf =  0.00649    CDp =  0.01064

 Side 1  free  transition at x/c =  0.7426   70
 Side 2 forced transition at x/c =  1.0000   75

  18   rms: 0.2258E+00   max: 0.1445E+01   T at   70  1   RLX: 0.408
       a =  1.500      CL =  0.9154
      Cm = -0.1404     CD =  0.01944   =>   CDf =  0.00642    CDp =  0.01302

 Side 1  free  transition at x/c =  0.7181   69
 Side 2 forced transition at x/c =  1.0000   75

  19   rms: 0.2200E+00   max: -.1454E+01   T at   69  1   RLX: 0.344
       a =  1.500      CL =  0.9554
      Cm = -0.1438     CD =  0.01983   =>   CDf =  0.00628    CDp =  0.01354

 Side 1  free  transition at x/c =  0.7472   71
 Side 2 forced transition at x/c =  1.0000   75

  20   rms: 0.1923E-01   max: 0.1191E+00   C at   75  2
       a =  1.500      CL =  0.9728
      Cm = -0.1498     CD =  0.01706   =>   CDf =  0.00634    CDp =  0.01072

 Side 1  free  transition at x/c =  0.7490   71
 Side 2 forced transition at x/c =  1.0000   75

  21   rms: 0.8934E-03   max: 0.1157E-01   C at   75  2
       a =  1.500      CL =  0.9733
      Cm = -0.1499     CD =  0.01707   =>   CDf =  0.00638    CDp =  0.01070

 Side 1  free  transition at x/c =  0.7490   71
 Side 2 forced transition at x/c =  1.0000   75

  22   rms: 0.3911E-05   max: -.2627E-04   D at   77  2
       a =  1.500      CL =  0.9733
      Cm = -0.1499     CD =  0.01707   =>   CDf =  0.00637    CDp =  0.01070
      9.000    7.8060   0.017072   0.004428   0.008359   0.003930    0.7490     #

 Point added to stored polar  1
 Point written to save file  polar_output.txt                                
 Dump file unspecified or not available
 Calculating wake trajectory ...
 Calculating source influence matrix ...

 Solving BL system ...

 Side 1  free  transition at x/c =  0.7490   71
 Side 2 forced transition at x/c =  1.0000   75

   1   rms: 0.9737E-01   max: -.9235E-01   D at   80  2
       a =  2.000      CL =  1.0433
      Cm = -0.1510     CD =  0.01597   =>   CDf =  0.00622    CDp =  0.00975

 Side 1  free  transition at x/c =  0.7352   71
 Side 2 forced transition at x/c =  1.0000   74

   2   rms: 0.3032E-01   max: 0.2068E+00   T at   71  1
       a =  2.000      CL =  1.0187
      Cm = -0.1470     CD =  0.01690   =>   CDf =  0.00640    CDp =  0.01050

 Side 1  free  transition at x/c =  0.7230   70
 Side 2 forced transition at x/c =  1.0000   74

   3   rms: 0.6789E-01   max: -.4278E+00   T at   70  1
       a =  2.000      CL =  1.0667
      Cm = -0.1546     CD =  0.01522   =>   CDf =  0.00648    CDp =  0.00874

 MRCHDU: Convergence failed at  72  side 1    Res =  0.7983E+01
 MRCHDU: Convergence failed at  73  side 1    Res =  0.3736E+01
 MRCHDU: Convergence failed at  74  side 1    Res =  0.1365E+03
 MRCHDU: Convergence failed at  75  side 1    Res =  0.1146E+02
 MRCHDU: Convergence failed at  76  side 1    Res =  0.7722E+01
 MRCHDU: Convergence failed at  77  side 1    Res =  0.6711E+01
 MRCHDU: Convergence failed at  78  side 1    Res =  0.6514E+01
 MRCHDU: Convergence failed at  79  side 1    Res =  0.6759E+01
 MRCHDU: Convergence failed at  80  side 1    Res =  0.7157E+01
 MRCHDU: Convergence failed at  81  side 1    Res =  0.8116E+01
 MRCHDU: Convergence failed at  82  side 1    Res =  0.9398E+01
 MRCHDU: Convergence failed at  83  side 1    Res =  0.1187E+02
 MRCHDU: Convergence failed at  84  side 1    Res =  0.1574E+02
 MRCHDU: Convergence failed at  85  side 1    Res =  0.2563E+02
 MRCHDU: Convergence failed at  86  side 1    Res =  0.6150E+02
 MRCHDU: Convergence failed at  87  side 1    Res =  0.2062E+03
 MRCHDU: Convergence failed at  88  side 1    Res =  0.4601E+02
 Side 1  free  transition at x/c =  0.7545   72
 Side 2 forced transition at x/c =  1.0000   74

   4   rms: 0.5721E+00   max: 0.2900E+01   D at   76  2   RLX: 0.250
       a =  2.000      CL =  1.1432
      Cm = -0.2217     CD =  0.00636   =>   CDf =  0.00604    CDp =  0.00031

 Side 1  free  transition at x/c =  0.7331   71
 Side 2 forced transition at x/c =  1.0000   74

   5   rms: 0.2331E+00   max: 0.9817E+00   C at   74  2   RLX: 0.972
       a =  2.000      CL =  1.1471
      Cm = -0.1731     CD =  0.01086   =>   CDf =  0.00764    CDp =  0.00322

 MRCHDU: Convergence failed at  89  side 1    Res =  0.2598E+01
 Side 1  free  transition at x/c =  0.7470   73
 Side 2 forced transition at x/c =  1.0000   73

   6   rms: 0.1002E+00   max: -.5769E+00   C at   73  2   RLX: 0.867
       a =  2.000      CL =  1.0686
      Cm = -0.1564     CD =  0.01501   =>   CDf =  0.00646    CDp =  0.00855

 Side 1  free  transition at x/c =  0.7393   71
 Side 2 forced transition at x/c =  1.0000   74

   7   rms: 0.1195E+00   max: -.7075E+00   C at   74  2   RLX: 0.707
       a =  2.000      CL =  1.0033
      Cm = -0.1448     CD =  0.01721   =>   CDf =  0.00639    CDp =  0.01082

 Side 1  free  transition at x/c =  0.7175   70
 Side 2 forced transition at x/c =  1.0000   74

   8   rms: 0.5745E-01   max: -.3365E+00   T at   70  1
       a =  2.000      CL =  1.0497
      Cm = -0.1521     CD =  0.01590   =>   CDf =  0.00649    CDp =  0.00940

 Side 1  free  transition at x/c =  0.7402   71
 Side 2 forced transition at x/c =  1.0000   74

   9   rms: 0.3995E-01   max: 0.2674E+00   D at   72  1
       a =  2.000      CL =  1.0362
      Cm = -0.1500     CD =  0.01628   =>   CDf =  0.00633    CDp =  0.00994

 Side 1  free  transition at x/c =  0.7293   71
 Side 2 forced transition at x/c =  1.0000   74

  10   rms: 0.5277E-02   max: -.4458E-01   D at   71  1
       a =  2.000      CL =  1.0352
      Cm = -0.1498     CD =  0.01633   =>   CDf =  0.00641    CDp =  0.00993

 Side 1  free  transition at x/c =  0.7299   71
 Side 2 forced transition at x/c =  1.0000   74

  11   rms: 0.1117E-03   max: 0.9540E-03   D at   73  1
       a =  2.000      CL =  1.0352
      Cm = -0.1498     CD =  0.01634   =>   CDf =  0.00641    CDp =  0.00993

 Side 1  free  transition at x/c =  0.7299   71
 Side 2 forced transition at x/c =  1.0000   74

  12   rms: 0.1246E-05   max: -.7649E-05   C at   74  2
       a =  2.000      CL =  1.0352
      Cm = -0.1498     CD =  0.01634   =>   CDf =  0.00641    CDp =  0.00993
      9.000    6.7830   0.016340   0.004404   0.007605   0.003201    0.7299     #

 Point added to stored polar  1
 Point written to save file  polar_output.txt                                
 Dump file unspecified or not available
 Calculating wake trajectory ...
 Calculating source influence matrix ...

 Solving BL system ...

 Side 1  free  transition at x/c =  0.7299   71
 Side 2 forced transition at x/c =  1.0000   74

   1   rms: 0.1024E+00   max: -.1126E+00   D at   79  2
       a =  2.500      CL =  1.1093
      Cm = -0.1516     CD =  0.01517   =>   CDf =  0.00624    CDp =  0.00893

 Side 1  free  transition at x/c =  0.7165   71
 Side 2 forced transition at x/c =  1.0000   73

   2   rms: 0.3217E-01   max: 0.2220E+00   T at   71  1
       a =  2.500      CL =  1.0831
      Cm = -0.1474     CD =  0.01616   =>   CDf =  0.00635    CDp =  0.00981

 Side 1  free  transition at x/c =  0.7017   70
 Side 2 forced transition at x/c =  1.0000   73

   3   rms: 0.1498E-01   max: -.1452E+00   D at   70  1
       a =  2.500      CL =  1.0927
      Cm = -0.1490     CD =  0.01579   =>   CDf =  0.00648    CDp =  0.00932

 Side 1  free  transition at x/c =  0.7070   70
 Side 2 forced transition at x/c =  1.0000   73

   4   rms: 0.6572E-02   max: 0.3372E-01   T at   70  1
       a =  2.500      CL =  1.0873
      Cm = -0.1481     CD =  0.01598   =>   CDf =  0.00640    CDp =  0.00958

 Side 1  free  transition at x/c =  0.7044   70
 Side 2 forced transition at x/c =  1.0000   73

   5   rms: 0.1092E-02   max: -.6517E-02   D at   72  1
       a =  2.500      CL =  1.0881
      Cm = -0.1482     CD =  0.01595   =>   CDf =  0.00641    CDp =  0.00954

 Side 1  free  transition at x/c =  0.7048   70
 Side 2 forced transition at x/c =  1.0000   73

   6   rms: 0.3405E-04   max: -.1589E-03   T at   70  1
       a =  2.500      CL =  1.0881
      Cm = -0.1482     CD =  0.01595   =>   CDf =  0.00640    CDp =  0.00954
      9.000    5.7429   0.015948   0.004394   0.006982   0.002588    0.7048     #

 Point added to stored polar  1
 Point written to save file  polar_output.txt                                
 Dump file unspecified or not available
 Calculating wake trajectory ...
 Calculating source influence matrix ...

 Solving BL system ...

 Side 1  free  transition at x/c =  0.7048   70
 Side 2 forced transition at x/c =  1.0000   73

   1   rms: 0.7481E-01   max: 0.4620E+00   T at   70  1
       a =  3.000      CL =  1.1214
      Cm = -0.1436     CD =  0.01616   =>   CDf =  0.00642    CDp =  0.00974

 Side 1  free  transition at x/c =  0.6694   68
 Side 2 forced transition at x/c =  1.0000   73

   2   rms: 0.3466E-01   max: -.3304E+00   D at   69  1
       a =  3.000      CL =  1.1448
      Cm = -0.1475     CD =  0.01548   =>   CDf =  0.00650    CDp =  0.00898

 Side 1  free  transition at x/c =  0.6787   68
 Side 2 forced transition at x/c =  1.0000   73

   3   rms: 0.1135E-01   max: -.6513E-01   C at   73  2
       a =  3.000      CL =  1.1361
      Cm = -0.1460     CD =  0.01575   =>   CDf =  0.00640    CDp =  0.00936

 Side 1  free  transition at x/c =  0.6745   68
 Side 2 forced transition at x/c =  1.0000   73

   4   rms: 0.2283E-02   max: -.1339E-01   D at   70  1
       a =  3.000      CL =  1.1377
      Cm = -0.1463     CD =  0.01570   =>   CDf =  0.00641    CDp =  0.00929

 Side 1  free  transition at x/c =  0.6754   68
 Side 2 forced transition at x/c =  1.0000   73

   5   rms: 0.9722E-04   max: -.5269E-03   D at   70  1
       a =  3.000      CL =  1.1377
      Cm = -0.1463     CD =  0.01569   =>   CDf =  0.00640    CDp =  0.00929
      9.000    5.1009   0.015694   0.004412   0.006280   0.001868    0.6754     #

 Point added to stored polar  1
 Point written to save file  polar_output.txt                                
 Dump file unspecified or not available
 Calculating wake trajectory ...
 Calculating source influence matrix ...

 Solving BL system ...

 Side 1  free  transition at x/c =  0.6754   68
 Side 2 forced transition at x/c =  1.0000   73

   1   rms: 0.7381E-01   max: 0.4110E+00   T at   68  1
       a =  3.500      CL =  1.1651
      Cm = -0.1409     CD =  0.01623   =>   CDf =  0.00619    CDp =  0.01004

 Side 1  free  transition at x/c =  0.6317   66
 Side 2 forced transition at x/c =  1.0000   72

   2   rms: 0.5409E-01   max: -.4377E+00   D at   68  1
       a =  3.500      CL =  1.1996
      Cm = -0.1467     CD =  0.01508   =>   CDf =  0.00669    CDp =  0.00838

 Side 1  free  transition at x/c =  0.6432   67
 Side 2 forced transition at x/c =  1.0000   72

   3   rms: 0.1923E-01   max: -.1451E+00   C at   72  2
       a =  3.500      CL =  1.1857
      Cm = -0.1441     CD =  0.01547   =>   CDf =  0.00647    CDp =  0.00900

 Side 1  free  transition at x/c =  0.6410   66
 Side 2 forced transition at x/c =  1.0000   72

   4   rms: 0.4625E-02   max: 0.3150E-01   C at   66  1
       a =  3.500      CL =  1.1834
      Cm = -0.1437     CD =  0.01557   =>   CDf =  0.00636    CDp =  0.00921

 Side 1  free  transition at x/c =  0.6396   66
 Side 2 forced transition at x/c =  1.0000   72

   5   rms: 0.2284E-03   max: -.1973E-02   C at   66  1
       a =  3.500      CL =  1.1835
      Cm = -0.1437     CD =  0.01558   =>   CDf =  0.00639    CDp =  0.00919

 Side 1  free  transition at x/c =  0.6396   66
 Side 2 forced transition at x/c =  1.0000   72

   6   rms: 0.1527E-05   max: -.7818E-05   C at   72  2
       a =  3.500      CL =  1.1835
      Cm = -0.1437     CD =  0.01558   =>   CDf =  0.00639    CDp =  0.00919
      9.000    5.4594   0.015577   0.004449   0.005386   0.000937    0.6396     #

 Point added to stored polar  1
 Point written to save file  polar_output.txt                                
 Dump file unspecified or not available
 Calculating wake trajectory ...
 Calculating source influence matrix ...

 Solving BL system ...

 Side 1  free  transition at x/c =  0.6396   66
 Side 2 forced transition at x/c =  1.0000   72

   1   rms: 0.9421E-01   max: -.7541E-01   C at   73  2
       a =  4.000      CL =  1.2460
      Cm = -0.1437     CD =  0.01487   =>   CDf =  0.00615    CDp =  0.00871

 Side 1  free  transition at x/c =  0.6137   65
 Side 2 forced transition at x/c =  1.0000   71

   2   rms: 0.1160E-01   max: -.1985E+00   D at   66  1
       a =  4.000      CL =  1.2443
      Cm = -0.1437     CD =  0.01539   =>   CDf =  0.00667    CDp =  0.00872

 Side 1  free  transition at x/c =  0.6115   65
 Side 2 forced transition at x/c =  1.0000   71

   3   rms: 0.1333E-02   max: -.1321E-01   D at    4  1
       a =  4.000      CL =  1.2450
      Cm = -0.1439     CD =  0.01538   =>   CDf =  0.00666    CDp =  0.00872

 Side 1  free  transition at x/c =  0.6114   65
 Side 2 forced transition at x/c =  1.0000   71

   4   rms: 0.7335E-05   max: 0.3312E-04   D at   66  1
       a =  4.000      CL =  1.2450
      Cm = -0.1439     CD =  0.01538   =>   CDf =  0.00666    CDp =  0.00872
      9.000    5.6215   0.015383   0.004537   0.005649   0.001112    0.6114     #

 Point added to stored polar  1
 Point written to save file  polar_output.txt                                
 Dump file unspecified or not available
 Calculating wake trajectory ...
 Calculating source influence matrix ...

 Solving BL system ...

 Side 1  free  transition at x/c =  0.6114   65
 Side 2 forced transition at x/c =  1.0000   71

   1   rms: 0.8124E-01   max: 0.3259E+00   T at   65  1
       a =  4.500      CL =  1.2948
      Cm = -0.1424     CD =  0.01600   =>   CDf =  0.00667    CDp =  0.00933

 Side 1  free  transition at x/c =  0.5782   63
 Side 2 forced transition at x/c =  1.0000   71

   2   rms: 0.3017E-01   max: -.3739E+00   D at   64  1
       a =  4.500      CL =  1.3024
      Cm = -0.1438     CD =  0.01603   =>   CDf =  0.00699    CDp =  0.00904

 Side 1  free  transition at x/c =  0.5809   63
 Side 2 forced transition at x/c =  1.0000   71

   3   rms: 0.6238E-02   max: 0.5476E-01   D at   64  1
       a =  4.500      CL =  1.2993
      Cm = -0.1433     CD =  0.01613   =>   CDf =  0.00686    CDp =  0.00927

 Side 1  free  transition at x/c =  0.5798   63
 Side 2 forced transition at x/c =  1.0000   71

   4   rms: 0.2388E-03   max: -.2371E-02   C at   71  2
       a =  4.500      CL =  1.2991
      Cm = -0.1432     CD =  0.01613   =>   CDf =  0.00689    CDp =  0.00924

 Side 1  free  transition at x/c =  0.5798   63
 Side 2 forced transition at x/c =  1.0000   71

   5   rms: 0.1256E-05   max: -.6647E-05   C at   71  2
       a =  4.500      CL =  1.2991
      Cm = -0.1432     CD =  0.01613   =>   CDf =  0.00689    CDp =  0.00924
      9.000    5.8153   0.016130   0.004611   0.005970   0.001358    0.5798     #

 Point added to stored polar  1
 Point written to save file  polar_output.txt                                
 Dump file unspecified or not available
 Calculating wake trajectory ...
 Calculating source influence matrix ...

 Solving BL system ...

 Side 1  free  transition at x/c =  0.5798   63
 Side 2 forced transition at x/c =  1.0000   71

   1   rms: 0.7844E-01   max: 0.3988E+00   T at   63  1
       a =  5.000      CL =  1.3411
      Cm = -0.1406     CD =  0.01713   =>   CDf =  0.00662    CDp =  0.01051

 Side 1  free  transition at x/c =  0.5434   62
 Side 2 forced transition at x/c =  1.0000   70

   2   rms: 0.3973E-01   max: -.4350E+00   D at   63  1
       a =  5.000      CL =  1.3502
      Cm = -0.1422     CD =  0.01698   =>   CDf =  0.00712    CDp =  0.00987

 Side 1  free  transition at x/c =  0.5482   62
 Side 2 forced transition at x/c =  1.0000   70

   3   rms: 0.9232E-02   max: 0.7027E-01   D at   63  1
       a =  5.000      CL =  1.3449
      Cm = -0.1412     CD =  0.01709   =>   CDf =  0.00696    CDp =  0.01013

 Side 1  free  transition at x/c =  0.5474   62
 Side 2 forced transition at x/c =  1.0000   70

   4   rms: 0.3741E-03   max: -.3256E-02   C at   70  2
       a =  5.000      CL =  1.3447
      Cm = -0.1411     CD =  0.01709   =>   CDf =  0.00700    CDp =  0.01010

 Side 1  free  transition at x/c =  0.5473   62
 Side 2 forced transition at x/c =  1.0000   70

   5   rms: 0.5555E-05   max: -.2408E-04   C at   70  2
       a =  5.000      CL =  1.3447
      Cm = -0.1411     CD =  0.01709   =>   CDf =  0.00700    CDp =  0.01009
      9.000    5.8017   0.017092   0.004686   0.006150   0.001463    0.5473     #

 Point added to stored polar  1
 Point written to save file  polar_output.txt                                
 Dump file unspecified or not available
 Calculating wake trajectory ...
 Calculating source influence matrix ...

 Solving BL system ...

 Side 1  free  transition at x/c =  0.5473   62
 Side 2 forced transition at x/c =  1.0000   70

   1   rms: 0.7650E-01   max: 0.4377E+00   T at   62  1
       a =  5.500      CL =  1.3778
      Cm = -0.1369     CD =  0.01805   =>   CDf =  0.00701    CDp =  0.01104

 Side 1  free  transition at x/c =  0.5119   60
 Side 2 forced transition at x/c =  1.0000   70

   2   rms: 0.3886E-01   max: -.4160E+00   D at   61  1
       a =  5.500      CL =  1.3891
      Cm = -0.1389     CD =  0.01791   =>   CDf =  0.00716    CDp =  0.01074

 Side 1  free  transition at x/c =  0.5156   60
 Side 2 forced transition at x/c =  1.0000   70

   3   rms: 0.1033E-01   max: 0.6691E-01   D at   61  1
       a =  5.500      CL =  1.3841
      Cm = -0.1380     CD =  0.01801   =>   CDf =  0.00702    CDp =  0.01100

 Side 1  free  transition at x/c =  0.5150   60
 Side 2 forced transition at x/c =  1.0000   70

   4   rms: 0.7514E-03   max: -.7900E-02   D at    4  2
       a =  5.500      CL =  1.3839
      Cm = -0.1379     CD =  0.01802   =>   CDf =  0.00705    CDp =  0.01096

 Side 1  free  transition at x/c =  0.5149   60
 Side 2 forced transition at x/c =  1.0000   70

   5   rms: 0.5741E-05   max: -.2237E-04   C at   70  2
       a =  5.500      CL =  1.3839
      Cm = -0.1379     CD =  0.01802   =>   CDf =  0.00705    CDp =  0.01096
      9.000    5.6172   0.018017   0.004767   0.006175   0.001407    0.5149     #

 Point added to stored polar  1
 Point written to save file  polar_output.txt                                
 Dump file unspecified or not available
 Calculating wake trajectory ...
 Calculating source influence matrix ...

 Solving BL system ...

 Side 1  free  transition at x/c =  0.5149   60
 Side 2 forced transition at x/c =  1.0000   70

   1   rms: 0.7350E-01   max: 0.4081E+00   T at   60  1
       a =  6.000      CL =  1.4123
      Cm = -0.1329     CD =  0.01892   =>   CDf =  0.00677    CDp =  0.01215

 Side 1  free  transition at x/c =  0.4816   59
 Side 2 forced transition at x/c =  1.0000   69

   2   rms: 0.3786E-01   max: -.3837E+00   D at   60  1
       a =  6.000      CL =  1.4235
      Cm = -0.1348     CD =  0.01881   =>   CDf =  0.00717    CDp =  0.01164

 Side 1  free  transition at x/c =  0.4852   59
 Side 2 forced transition at x/c =  1.0000   69

   3   rms: 0.8380E-02   max: 0.5228E-01   D at   60  1
       a =  6.000      CL =  1.4203
      Cm = -0.1343     CD =  0.01892   =>   CDf =  0.00705    CDp =  0.01188

 Side 1  free  transition at x/c =  0.4846   59
 Side 2 forced transition at x/c =  1.0000   69

   4   rms: 0.1934E-03   max: 0.1221E-02   D at   60  1
       a =  6.000      CL =  1.4201
      Cm = -0.1342     CD =  0.01893   =>   CDf =  0.00707    CDp =  0.01186

 Side 1  free  transition at x/c =  0.4846   59
 Side 2 forced transition at x/c =  1.0000   69

   5   rms: 0.3667E-05   max: -.1494E-04   C at   69  2
       a =  6.000      CL =  1.4201
      Cm = -0.1342     CD =  0.01893   =>   CDf =  0.00707    CDp =  0.01186
      9.000    5.3428   0.018926   0.004849   0.006124   0.001275    0.4846     #

 Point added to stored polar  1
 Point written to save file  polar_output.txt                                
 Dump file unspecified or not available
 Calculating wake trajectory ...
 Calculating source influence matrix ...

 Solving BL system ...

 Side 1  free  transition at x/c =  0.4846   59
 Side 2 forced transition at x/c =  1.0000   69

   1   rms: 0.7098E-01   max: 0.3845E+00   T at   59  1
       a =  6.500      CL =  1.4399
      Cm = -0.1278     CD =  0.01983   =>   CDf =  0.00708    CDp =  0.01276

 Side 1  free  transition at x/c =  0.4493   57
 Side 2 forced transition at x/c =  1.0000   69

   2   rms: 0.5208E-01   max: -.3965E+00   D at   58  1
       a =  6.500      CL =  1.4535
      Cm = -0.1301     CD =  0.01961   =>   CDf =  0.00689    CDp =  0.01273

 Side 1  free  transition at x/c =  0.4549   59
 Side 2 forced transition at x/c =  1.0000   68

   3   rms: 0.8492E-02   max: 0.6023E-01   D at   59  1
       a =  6.500      CL =  1.4505
      Cm = -0.1296     CD =  0.01986   =>   CDf =  0.00703    CDp =  0.01283

 Side 1  free  transition at x/c =  0.4540   59
 Side 2 forced transition at x/c =  1.0000   68

   4   rms: 0.1428E-02   max: -.1679E-01   D at    4  1
       a =  6.500      CL =  1.4502
      Cm = -0.1295     CD =  0.01986   =>   CDf =  0.00703    CDp =  0.01283

 Side 1  free  transition at x/c =  0.4540   59
 Side 2 forced transition at x/c =  1.0000   68

   5   rms: 0.1718E-04   max: 0.7723E-04   D at   76  2
       a =  6.500      CL =  1.4502
      Cm = -0.1295     CD =  0.01986   =>   CDf =  0.00703    CDp =  0.01283
      9.000    4.9946   0.019856   0.004933   0.005999   0.001066    0.4540     #

 Point added to stored polar  1
 Point written to save file  polar_output.txt                                
 Dump file unspecified or not available
 Calculating wake trajectory ...
 Calculating source influence matrix ...

 Solving BL system ...

 Side 1  free  transition at x/c =  0.4540   59
 Side 2 forced transition at x/c =  1.0000   68

   1   rms: 0.8953E-01   max: -.4823E+00   D at   60  1
       a =  7.000      CL =  1.4935
      Cm = -0.1271     CD =  0.02097   =>   CDf =  0.00704    CDp =  0.01393

 Side 1  free  transition at x/c =  0.4187   56
 Side 2 forced transition at x/c =  1.0000   68

   2   rms: 0.3856E-01   max: 0.4089E+00   D at   58  1
       a =  7.000      CL =  1.4744
      Cm = -0.1240     CD =  0.02100   =>   CDf =  0.00694    CDp =  0.01407

 Side 1  free  transition at x/c =  0.4225   57
 Side 2 forced transition at x/c =  1.0000   68

   3   rms: 0.7921E-02   max: 0.7175E-01   D at   57  1
       a =  7.000      CL =  1.4703
      Cm = -0.1231     CD =  0.02085   =>   CDf =  0.00694    CDp =  0.01391

 Side 1  free  transition at x/c =  0.4222   57
 Side 2 forced transition at x/c =  1.0000   68

   4   rms: 0.3449E-03   max: 0.2512E-02   D at   57  1
       a =  7.000      CL =  1.4703
      Cm = -0.1231     CD =  0.02085   =>   CDf =  0.00695    CDp =  0.01391

 Side 1  free  transition at x/c =  0.4221   57
 Side 2 forced transition at x/c =  1.0000   68

   5   rms: 0.6884E-05   max: -.2492E-04   C at   68  2
       a =  7.000      CL =  1.4702
      Cm = -0.1231     CD =  0.02085   =>   CDf =  0.00695    CDp =  0.01390
      9.000    4.6069   0.020854   0.005010   0.005805   0.000795    0.4221     #

 Point added to stored polar  1
 Point written to save file  polar_output.txt                                
 Dump file unspecified or not available
 Calculating wake trajectory ...
 Calculating source influence matrix ...

 Solving BL system ...

 Side 1  free  transition at x/c =  0.4221   57
 Side 2 forced transition at x/c =  1.0000   68

   1   rms: 0.7959E-01   max: -.4325E+00   D at   58  1
       a =  7.500      CL =  1.4943
      Cm = -0.1175     CD =  0.02207   =>   CDf =  0.00696    CDp =  0.01511

 Side 1  free  transition at x/c =  0.3854   54
 Side 2 forced transition at x/c =  1.0000   68

   2   rms: 0.2621E-01   max: 0.3331E+00   D at   56  1
       a =  7.500      CL =  1.4839
      Cm = -0.1160     CD =  0.02221   =>   CDf =  0.00689    CDp =  0.01531

 Side 1  free  transition at x/c =  0.3877   54
 Side 2 forced transition at x/c =  1.0000   68

   3   rms: 0.2687E-02   max: 0.3566E-01   D at   55  1
       a =  7.500      CL =  1.4855
      Cm = -0.1163     CD =  0.02211   =>   CDf =  0.00692    CDp =  0.01519

 Side 1  free  transition at x/c =  0.3854   54
 Side 2 forced transition at x/c =  1.0000   68

   4   rms: 0.2920E-02   max: -.3453E-01   C at   54  1
       a =  7.500      CL =  1.4843
      Cm = -0.1161     CD =  0.02212   =>   CDf =  0.00692    CDp =  0.01520

 Side 1  free  transition at x/c =  0.3867   54
 Side 2 forced transition at x/c =  1.0000   68

   5   rms: 0.1456E-03   max: -.7183E-03   D at   91  1
       a =  7.500      CL =  1.4844
      Cm = -0.1161     CD =  0.02212   =>   CDf =  0.00690    CDp =  0.01523

 Side 1  free  transition at x/c =  0.3866   54
 Side 2 forced transition at x/c =  1.0000   68

   6   rms: 0.1858E-05   max: -.5869E-05   D at   88  1
       a =  7.500      CL =  1.4844
      Cm = -0.1161     CD =  0.02212   =>   CDf =  0.00689    CDp =  0.01523
      9.000    4.2532   0.022122   0.018512   0.005459  -0.013053    0.3866     #

 Point added to stored polar  1
 Point written to save file  polar_output.txt                                
 Dump file unspecified or not available
 Calculating wake trajectory ...
 Calculating source influence matrix ...

 Solving BL system ...

 Side 1  free  transition at x/c =  0.3866   54
 Side 2 forced transition at x/c =  1.0000   68

   1   rms: 0.7101E-01   max: 0.3191E+00   T at   54  1
       a =  8.000      CL =  1.4962
      Cm = -0.1093     CD =  0.02350   =>   CDf =  0.00657    CDp =  0.01693

 Side 1  free  transition at x/c =  0.3345   52
 Side 2 forced transition at x/c =  1.0000   67

   2   rms: 0.2243E-01   max: -.3357E+00   D at   53  1
       a =  8.000      CL =  1.4903
      Cm = -0.1086     CD =  0.02401   =>   CDf =  0.00707    CDp =  0.01694

 Side 1  free  transition at x/c =  0.3470   53
 Side 2 forced transition at x/c =  1.0000   67

   3   rms: 0.9318E-02   max: 0.1358E+00   C at   53  1
       a =  8.000      CL =  1.4929
      Cm = -0.1090     CD =  0.02388   =>   CDf =  0.00680    CDp =  0.01708

 Side 1  free  transition at x/c =  0.3428   53
 Side 2 forced transition at x/c =  1.0000   67

   4   rms: 0.7774E-03   max: -.7532E-02   D at   56  1
       a =  8.000      CL =  1.4932
      Cm = -0.1090     CD =  0.02388   =>   CDf =  0.00687    CDp =  0.01701

 Side 1  free  transition at x/c =  0.3425   53
 Side 2 forced transition at x/c =  1.0000   67

   5   rms: 0.1759E-04   max: -.1021E-03   D at   89  1
       a =  8.000      CL =  1.4932
      Cm = -0.1090     CD =  0.02388   =>   CDf =  0.00688    CDp =  0.01700
      9.000    5.0720   0.023878   0.018114   0.000000  -0.018114    0.3425     #

 Point added to stored polar  1
 Point written to save file  polar_output.txt                                
 Dump file unspecified or not available
 Calculating wake trajectory ...
 Calculating source influence matrix ...

 Solving BL system ...

 Side 1  free  transition at x/c =  0.3425   53
 Side 2 forced transition at x/c =  1.0000   67

   1   rms: 0.8654E-01   max: 0.6741E+00   C at   53  1
       a =  8.500      CL =  1.4954
      Cm = -0.1015     CD =  0.02631   =>   CDf =  0.00689    CDp =  0.01942

 Side 1  free  transition at x/c =  0.2890   49
 Side 2 forced transition at x/c =  1.0000   67

   2   rms: 0.2503E-01   max: 0.2544E+00   D at   52  1
       a =  8.500      CL =  1.4947
      Cm = -0.1018     CD =  0.02644   =>   CDf =  0.00708    CDp =  0.01935

 Side 1  free  transition at x/c =  0.2869   49
 Side 2 forced transition at x/c =  1.0000   67

   3   rms: 0.3947E-02   max: 0.5576E-01   C at   49  1
       a =  8.500      CL =  1.4951
      Cm = -0.1019     CD =  0.02649   =>   CDf =  0.00701    CDp =  0.01947

 Side 1  free  transition at x/c =  0.2846   49
 Side 2 forced transition at x/c =  1.0000   67

   4   rms: 0.1049E-03   max: -.1342E-02   C at   49  1
       a =  8.500      CL =  1.4951
      Cm = -0.1019     CD =  0.02649   =>   CDf =  0.00704    CDp =  0.01945

 Side 1  free  transition at x/c =  0.2846   49
 Side 2 forced transition at x/c =  1.0000   67

   5   rms: 0.2106E-05   max: 0.1721E-04   C at   49  1
       a =  8.500      CL =  1.4951
      Cm = -0.1019     CD =  0.02649   =>   CDf =  0.00704    CDp =  0.01945
      9.000    5.9649   0.026493   0.017964   0.000000  -0.017964    0.2846     #

 Point added to stored polar  1
 Point written to save file  polar_output.txt                                
 Dump file unspecified or not available
 Calculating wake trajectory ...
 Calculating source influence matrix ...

 Solving BL system ...

 Side 1  free  transition at x/c =  0.2846   49
 Side 2 forced transition at x/c =  1.0000   67

   1   rms: 0.9748E-01   max: 0.1042E+01   C at   49  1   RLX: 0.982
       a =  9.000      CL =  1.4931
      Cm = -0.0950     CD =  0.02984   =>   CDf =  0.00705    CDp =  0.02279

 Side 1  free  transition at x/c =  0.2177   45
 Side 2 forced transition at x/c =  1.0000   67

   2   rms: 0.2444E-01   max: -.1907E+00   D at   50  1
       a =  9.000      CL =  1.4860
      Cm = -0.0946     CD =  0.03038   =>   CDf =  0.00748    CDp =  0.02290

 Side 1  free  transition at x/c =  0.2151   44
 Side 2 forced transition at x/c =  1.0000   67

   3   rms: 0.2995E-02   max: 0.4987E-01   C at   44  1
       a =  9.000      CL =  1.4857
      Cm = -0.0945     CD =  0.03043   =>   CDf =  0.00742    CDp =  0.02301

 Side 1  free  transition at x/c =  0.2131   44
 Side 2 forced transition at x/c =  1.0000   67

   4   rms: 0.1237E-03   max: -.2087E-02   C at   44  1
       a =  9.000      CL =  1.4857
      Cm = -0.0945     CD =  0.03044   =>   CDf =  0.00743    CDp =  0.02300

 Side 1  free  transition at x/c =  0.2132   44
 Side 2 forced transition at x/c =  1.0000   67

   5   rms: 0.2354E-05   max: 0.2495E-04   C at   44  1
       a =  9.000      CL =  1.4857
      Cm = -0.0945     CD =  0.03044   =>   CDf =  0.00743    CDp =  0.02300
      9.000    6.9237   0.030436   0.018220   0.000000  -0.018220    0.2132     #

 Point added to stored polar  1
 Point written to save file  polar_output.txt                                
 Dump file unspecified or not available
 Calculating wake trajectory ...
 Calculating source influence matrix ...

 Solving BL system ...

 Side 1  free  transition at x/c =  0.2132   44
 Side 2 forced transition at x/c =  1.0000   67

   1   rms: 0.1131E+00   max: 0.1509E+01   C at   44  1   RLX: 0.866
       a =  9.500      CL =  1.4834
      Cm = -0.0893     CD =  0.03423   =>   CDf =  0.00709    CDp =  0.02713

 Side 1  free  transition at x/c =  0.1537   41
 Side 2 forced transition at x/c =  1.0000   66

   2   rms: 0.3179E-01   max: -.4385E+00   D at   42  1
       a =  9.500      CL =  1.4735
      Cm = -0.0879     CD =  0.03531   =>   CDf =  0.00790    CDp =  0.02742

 Side 1  free  transition at x/c =  0.1486   41
 Side 2 forced transition at x/c =  1.0000   66

   3   rms: 0.5102E-02   max: -.5652E-01   D at   42  1
       a =  9.500      CL =  1.4702
      Cm = -0.0876     CD =  0.03552   =>   CDf =  0.00785    CDp =  0.02767

 Side 1  free  transition at x/c =  0.1485   41
 Side 2 forced transition at x/c =  1.0000   66

   4   rms: 0.1881E-03   max: 0.2678E-02   C at   41  1
       a =  9.500      CL =  1.4701
      Cm = -0.0876     CD =  0.03551   =>   CDf =  0.00786    CDp =  0.02765

 Side 1  free  transition at x/c =  0.1485   41
 Side 2 forced transition at x/c =  1.0000   66

   5   rms: 0.7038E-05   max: -.8057E-04   C at   41  1
       a =  9.500      CL =  1.4701
      Cm = -0.0876     CD =  0.03551   =>   CDf =  0.00786    CDp =  0.02765
      9.000    7.8233   0.035510   0.018899   0.004077  -0.014822    0.1485     #

 Point added to stored polar  1
 Point written to save file  polar_output.txt                                
 Dump file unspecified or not available
 Calculating wake trajectory ...
 Calculating source influence matrix ...

 Solving BL system ...

 Side 1  free  transition at x/c =  0.1485   41
 Side 2 forced transition at x/c =  1.0000   66

   1   rms: 0.1144E+00   max: 0.1301E+01   C at   41  1   RLX: 0.756
       a = 10.000      CL =  1.4602
      Cm = -0.0831     CD =  0.03997   =>   CDf =  0.00787    CDp =  0.03210

 Side 1  free  transition at x/c =  0.1219   39
 Side 2 forced transition at x/c =  1.0000   66

   2   rms: 0.3366E-01   max: -.3019E+00   D at   39  1
       a = 10.000      CL =  1.4597
      Cm = -0.0819     CD =  0.04088   =>   CDf =  0.00809    CDp =  0.03280

 Side 1  free  transition at x/c =  0.1122   38
 Side 2 forced transition at x/c =  1.0000   66

   3   rms: 0.8860E-02   max: -.8752E-01   C at   38  1
       a = 10.000      CL =  1.4568
      Cm = -0.0817     CD =  0.04088   =>   CDf =  0.00816    CDp =  0.03272

 Side 1  free  transition at x/c =  0.1141   38
 Side 2 forced transition at x/c =  1.0000   66

   4   rms: 0.9305E-03   max: 0.6663E-02   T at   38  1
       a = 10.000      CL =  1.4573
      Cm = -0.0817     CD =  0.04085   =>   CDf =  0.00811    CDp =  0.03273

 Side 1  free  transition at x/c =  0.1137   38
 Side 2 forced transition at x/c =  1.0000   66

   5   rms: 0.2092E-04   max: -.1885E-03   D at   78  2
       a = 10.000      CL =  1.4573
      Cm = -0.0817     CD =  0.04085   =>   CDf =  0.00811    CDp =  0.03274
      9.000    8.6250   0.040853   0.019650   0.004147  -0.015502    0.1137     #

 Point added to stored polar  1
 Point written to save file  polar_output.txt                                
 Dump file unspecified or not available

.OPERva   c>  
 Polar accumulation disabled

.OPERv   c>  
 XFOIL   c>  